
######################################################################
# OOS REGIME FRAGMENTATION DIAGNOSTIC
# Purpose: Identify root cause of 4\u219210 regime explosion
######################################################################

Loading market data and features...
Train/test split: first 1260 rows = train, remaining = test

======================================================================
EXPERIMENT A: FIXED PCA (fitted on train, applied to OOS)
======================================================================
Train set: 1260 rows (2010-04-06 00:00:00 to 2015-04-07 00:00:00)
Test set:  2770 rows (2015-04-08 00:00:00 to 2026-04-13 00:00:00)
Fitted PCA on 1008 training samples
Explained variance: [0.24809691 0.15731922 0.107663  ]
Trained HMM with 3 states on 1008 train samples

Results:
  OOS unique regimes: 3
  Regime distribution: [1254 1275  241]
  Regime transitions: 2463
  Mean dwell time: 1.1 days
  Label entropy: 1.339

======================================================================
EXPERIMENT B: ROLLING PCA (window=252 days)
======================================================================
Train set: 1260 rows
Test set:  2770 rows
Fitted rolling PCA on last 252 training samples
Explained variance: [0.30722847 0.17266205 0.13778738]
Model is not converging.  Current: -7272.267992961384 is not greater than -7272.196134875977. Delta is -0.07185808540725702
Trained HMM with 3 states on 1008 train samples

Results:
  OOS unique regimes: 3
  Regime distribution: [ 573  611 1586]
  Regime transitions: 1150
  Mean dwell time: 2.4 days
  Label entropy: 1.412

======================================================================
EXPERIMENT B: ROLLING PCA (window=504 days)
======================================================================
Train set: 1260 rows
Test set:  2770 rows
Fitted rolling PCA on last 504 training samples
Explained variance: [0.22673579 0.20997369 0.13186342]
Model is not converging.  Current: -7606.033889630485 is not greater than -7605.588117089779. Delta is -0.4457725407055477
Trained HMM with 3 states on 1008 train samples

Results:
  OOS unique regimes: 3
  Regime distribution: [ 997 1094  679]
  Regime transitions: 1861
  Mean dwell time: 1.5 days
  Label entropy: 1.557

======================================================================
PCA DRIFT ANALYSIS: Detect component misalignment over time
======================================================================

PCA component drift (consecutive windows):
Fetching incremental data (cache exists)...
Delta tickers needing refresh: []
Loading data from cache (no changes detected)...
Loaded 4093 trading days from cache
Mode: incremental, Delta rows: 0, Tickers refreshed: []
  Feature NaN counts (top 5 binding constraints):
    rv_ratio_10_63: 63 NaN rows
    SPY_TLT_corr63: 63 NaN rows
    eigen_conc: 63 NaN rows
    SPY_dd63: 62 NaN rows
    SPY_vol_adj_ret: 62 NaN rows
Traceback (most recent call last):
  File "C:\Users\morria72\Projects\active\Regime-Detection\analyze_oos_fragmentation.py", line 499, in <module>
    main()
    ~~~~^^
  File "C:\Users\morria72\Projects\active\Regime-Detection\analyze_oos_fragmentation.py", line 415, in main
    drift_analysis = detect_pca_drift_across_windows(features_df, train_end_idx)
  File "C:\Users\morria72\Projects\active\Regime-Detection\analyze_oos_fragmentation.py", line 336, in detect_pca_drift_across_windows
    angle = compute_pca_drift(pcas[i], pcas[i+1])
  File "C:\Users\morria72\Projects\active\Regime-Detection\analyze_oos_fragmentation.py", line 70, in compute_pca_drift
    b_col = loadings_b[:, i] @ U
            ~~~~~~~~~~~~~~~~~^~~
ValueError: matmul: Input operand 1 has a mismatch in its core dimension 0, with gufunc signature (n?,k),(k,m?)->(n?,m?) (size 5 is different from 14)
