[1/32] base/train/seed21: 3213 oos days, bear_frac 0.160, bac 0.483, 37s
[2/32] base/train/seed22: 3213 oos days, bear_frac 0.163, bac 0.796, 41s
[3/32] base/eval/seed31: 3213 oos days, bear_frac 0.259, bac 0.692, 41s
[4/32] base/eval/seed32: 3213 oos days, bear_frac 0.226, bac 0.745, 36s
[5/32] frequent/train/seed21: 3213 oos days, bear_frac 0.311, bac 0.644, 36s
[6/32] frequent/train/seed22: 3213 oos days, bear_frac 0.214, bac 0.549, 33s
[7/32] frequent/eval/seed31: 3213 oos days, bear_frac 0.223, bac 0.654, 32s
[8/32] frequent/eval/seed32: 3213 oos days, bear_frac 0.274, bac 0.557, 31s
[9/32] rare/train/seed21: 3213 oos days, bear_frac 0.082, bac 0.435, 30s
[10/32] rare/train/seed22: 3213 oos days, bear_frac 0.107, bac 0.585, 35s
[11/32] rare/eval/seed31: 3213 oos days, bear_frac 0.037, bac 0.673, 31s
[12/32] rare/eval/seed32: 3213 oos days, bear_frac 0.134, bac 0.742, 31s
[13/32] choppy/train/seed21: 3213 oos days, bear_frac 0.293, bac 0.595, 31s
[14/32] choppy/train/seed22: 3213 oos days, bear_frac 0.237, bac 0.562, 36s
[15/32] choppy/eval/seed31: 3213 oos days, bear_frac 0.261, bac 0.615, 40s
[16/32] choppy/eval/seed32: 3213 oos days, bear_frac 0.381, bac 0.706, 37s
[17/32] long_dwell/train/seed21: 3213 oos days, bear_frac 0.387, bac 0.776, 37s
[18/32] long_dwell/train/seed22: 3213 oos days, bear_frac 0.142, bac 0.977, 32s
[19/32] long_dwell/eval/seed31: 3213 oos days, bear_frac 0.114, bac 0.657, 35s
[20/32] long_dwell/eval/seed32: 3213 oos days, bear_frac 0.165, bac 0.919, 32s
[21/32] weak_snr/train/seed21: 3213 oos days, bear_frac 0.160, bac 0.453, 31s
[22/32] weak_snr/train/seed22: 3213 oos days, bear_frac 0.163, bac 0.420, 34s
[23/32] weak_snr/eval/seed31: 3213 oos days, bear_frac 0.259, bac 0.682, 32s
[24/32] weak_snr/eval/seed32: 3213 oos days, bear_frac 0.226, bac 0.492, 31s
[25/32] strong_snr/train/seed21: 3213 oos days, bear_frac 0.160, bac 0.701, 30s
[26/32] strong_snr/train/seed22: 3213 oos days, bear_frac 0.163, bac 0.937, 32s
[27/32] strong_snr/eval/seed31: 3213 oos days, bear_frac 0.259, bac 0.855, 30s
[28/32] strong_snr/eval/seed32: 3213 oos days, bear_frac 0.226, bac 0.854, 36s
[29/32] asym_sev/train/seed21: 3213 oos days, bear_frac 0.074, bac 0.591, 32s
[30/32] asym_sev/train/seed22: 3213 oos days, bear_frac 0.109, bac 0.832, 35s
[31/32] asym_sev/eval/seed31: 3213 oos days, bear_frac 0.092, bac 0.683, 32s
[32/32] asym_sev/eval/seed32: 3213 oos days, bear_frac 0.063, bac 0.746, 31s

pooled platt map: p = sigmoid(0.8033*m + -1.5671); vol benchmark: sigmoid(6.2263*logsig + 9.1902); train base rate 0.183
{'cell': 'base', 'n_eval': 6426, 'bear_frac': 0.242, 'slope': 1.073, 'intercept': 0.61, 'brier': 0.1598, 'brier_clim': 0.1872, 'brier_vol': 0.0488, 'auc_m': 0.814, 'auc_vol': 0.979, 'a_cell': 0.7598, 'b_cell': -1.4135, 'pass_reliability': False, 'pass_brier': False}
{'cell': 'frequent', 'n_eval': 6426, 'bear_frac': 0.248, 'slope': 0.871, 'intercept': 0.226, 'brier': 0.1771, 'brier_clim': 0.1909, 'brier_vol': 0.0876, 'auc_m': 0.697, 'auc_vol': 0.935, 'a_cell': 0.5974, 'b_cell': -1.4146, 'pass_reliability': False, 'pass_brier': False}
{'cell': 'rare', 'n_eval': 6426, 'bear_frac': 0.086, 'slope': 1.671, 'intercept': 0.17, 'brier': 0.067, 'brier_clim': 0.0877, 'brier_vol': 0.0259, 'auc_m': 0.863, 'auc_vol': 0.984, 'a_cell': 0.2655, 'b_cell': -2.264, 'pass_reliability': False, 'pass_brier': False}
{'cell': 'choppy', 'n_eval': 6426, 'bear_frac': 0.321, 'slope': 0.96, 'intercept': 0.588, 'brier': 0.2017, 'brier_clim': 0.2372, 'brier_vol': 0.1157, 'auc_m': 0.737, 'auc_vol': 0.907, 'a_cell': 0.5408, 'b_cell': -1.338, 'pass_reliability': False, 'pass_brier': False}
{'cell': 'long_dwell', 'n_eval': 6426, 'bear_frac': 0.139, 'slope': 2.07, 'intercept': 2.099, 'brier': 0.0756, 'brier_clim': 0.1218, 'brier_vol': 0.0255, 'auc_m': 0.951, 'auc_vol': 0.988, 'a_cell': 2.0484, 'b_cell': -0.4427, 'pass_reliability': False, 'pass_brier': False}
{'cell': 'weak_snr', 'n_eval': 6426, 'bear_frac': 0.242, 'slope': 0.479, 'intercept': -0.373, 'brier': 0.1867, 'brier_clim': 0.1872, 'brier_vol': 0.1261, 'auc_m': 0.667, 'auc_vol': 0.967, 'a_cell': -0.1705, 'b_cell': -1.6886, 'pass_reliability': False, 'pass_brier': False}
{'cell': 'strong_snr', 'n_eval': 6426, 'bear_frac': 0.242, 'slope': 2.165, 'intercept': 2.489, 'brier': 0.122, 'brier_clim': 0.1872, 'brier_vol': 0.0657, 'auc_m': 0.936, 'auc_vol': 0.981, 'a_cell': 1.4645, 'b_cell': -1.2674, 'pass_reliability': False, 'pass_brier': False}
{'cell': 'asym_sev', 'n_eval': 6426, 'bear_frac': 0.078, 'slope': 1.17, 'intercept': -0.375, 'brier': 0.0668, 'brier_clim': 0.0827, 'brier_vol': 0.0412, 'auc_m': 0.842, 'auc_vol': 0.972, 'a_cell': 1.0494, 'b_cell': -2.3827, 'pass_reliability': False, 'pass_brier': False}

(a) reliability per cell: FAIL
(b) brier vs climatology + vol benchmark per cell: FAIL
(c) stability: CV(a)=0.795 (<=0.20), range(b)=1.940 (<=0.2): FAIL
CALIBRATION GATE: FAIL
