universe A=13  N=4850  2007-04-12..2026-07-22
building real-time kalman state ...
  [kalman refit 10/69] phi=0.9949 q=0.000548 r=0.000022
  [kalman refit 20/69] phi=0.9948 q=0.000712 r=0.000000
  [kalman refit 30/69] phi=0.9938 q=0.000765 r=0.000000
  [kalman refit 40/69] phi=0.9934 q=0.000872 r=0.000000
  [kalman refit 50/69] phi=0.9935 q=0.000892 r=0.000000
  [kalman refit 60/69] phi=1.0000 q=0.000992 r=0.000000
  [kalman refit 69/69] phi=0.9951 q=0.001044 r=0.000000

==============================================================================
REDUNDANCY DIAGNOSTICS (descriptive)
==============================================================================
state correlation matrix (daily, full sample):
         vol     ar   zraw  zewma   xkal
vol    1.000  0.231  0.197  0.144  0.197
ar     0.231  1.000  0.073  0.099  0.073
zraw   0.197  0.073  1.000  0.719  1.000
zewma  0.144  0.099  0.719  1.000  0.719
xkal   0.197  0.073  1.000  0.719  1.000
corr(xkal, zewma) = 0.7190   mean|xkal - zewma| (z-units) = 0.6564

OOS rebalances=206 (2009-04-13..2026-05-22)

==============================================================================
ESTIMATOR LADDER — GMV long-only, net 3bps
==============================================================================
  kind  state                     vol%   maxDD%      QLIK  corrFrob  hedgeRed   divR turnover
  B1    EWMA0.94 (context)       1.359     -6.6    8.1749    3.3793     0.063  1.342    0.092
  Bm    vol only (MODEL A)       1.322     -5.8    7.8394    3.2527     0.085  1.312    0.023
  SR    vol+raw z21              1.319     -5.8    7.8552    3.2375     0.082  1.312    0.031
  SW    vol+roll252              1.973     -6.0    7.7485    3.2449     0.080  1.304    0.033
  SE    vol+EWMA0.97             1.324     -6.0    7.8104    3.2538     0.082  1.299    0.025
  SK    vol+KALMAN (MODEL B)     1.320     -5.8    7.8553    3.2375     0.082  1.312    0.031
  SP    vol+placebo (ctrl)       1.319     -5.8    7.7947    3.2664     0.089  1.314    0.029
  KO    kalman only (MODEL C)    1.319     -5.8    8.1899    3.2370     0.081  1.309    0.026

==============================================================================
PRIMARY: SK (vol+kalman) vs Bm (vol only) — support needs BOTH M1<1 & M2<0, CIs clear
==============================================================================
  SK vs Bm  [PRIMARY]                          M1=0.9967 CI[0.9784,1.0161]  dQLIK=+0.0159 CI[-0.0324,+0.0821]  dFrob=-0.0151 CI[-0.0539,+0.0282]

SECONDARY — attribution hierarchy (raw -> rolling -> EWMA -> Kalman), each vs Bm:
  SR (vol+raw z21) vs Bm                       M1=0.9955  dQLIK=+0.0158  dFrob=-0.0152
  SW (vol+roll252) vs Bm                       M1=2.2264  dQLIK=-0.0919  dFrob=-0.0125
  SE (vol+EWMA0.97) vs Bm                      M1=1.0020  dQLIK=-0.0291  dFrob=+0.0011

CONTROLS / DIAGNOSTICS:
  SP placebo vs Bm (extra-dim artifact control) M1=0.9945  dQLIK=-0.0448  dFrob=+0.0137
  KO state-only vs Bm (diagnostic)             M1=0.9947  dQLIK=+0.3505  dFrob=-0.0157
  Bm vs B1 (architecture context)              M1=0.9476  dQLIK=-0.3355  dFrob=-0.1266

==============================================================================
EXPLORATORY (descriptive, full-sample): partial corr of x_t with hold-period corr
==============================================================================
  partial corr(x_t, hold-corr | vol, raw z) = +0.0958  90% CI [-0.0065, +0.2176]   raw corr(x_t, hold-corr) = +0.4683

==============================================================================
SUBPERIOD STABILITY of SK vs Bm
==============================================================================
  leave-out 2008:  M1 = 0.9967
  leave-out 2020:  M1 = 0.9909
  leave-out 2022:  M1 = 0.9959
  early half:  M1 = 1.0112
  late half:  M1 = 0.9921
  high-vol rebs:  dQLIK = -0.0149
  low-vol rebs:  dQLIK = +0.0466
  high-corr rebs:  dQLIK = -0.0637
  low-corr rebs:  dQLIK = +0.0954
  cost=0 (gross):  M1 = 0.9968

kalman params: phi mean=0.9948 min=0.9933 max=1.0000  refits=69

Wrote results\corrfactor_stage2.csv
