30 stress episodes, 2653 stress days, 1990-03-13..2026-05-29

=== 1. AGE PROFILE: conditional on stress and tau = days since onset ===
        tau     n  eps  hz21    fwd5   fwd21 fvol21    sig dsig>0      DD  dDD>0   J21
        1-5   142   30   35%  -23.4%  +14.9%  20.2%  17.1%    53%   -7.5%    38%   1.2
       6-10   125   26   35%  +35.0%  +34.0%  17.8%  18.9%    54%   -8.7%    46%   1.3
      11-21   240   24   34%  +31.6%  +38.9%  16.7%  20.0%    43%   -8.8%    59%   1.1
      22-42   332   20   28%  +49.3%  +28.9%  15.7%  21.0%    31%   -9.3%    60%   0.3
      43-63   238   12   16%  +14.0%  +17.0%  18.3%  22.2%    21%  -10.4%    58%   0.1
     64-126   501   10   22%  +20.1%  +13.7%  17.0%  21.7%    29%  -11.7%    60%   0.2
      127-+  1075    5    8%   +2.4%   +4.6%  24.7%  26.2%    32%  -29.6%    52%   0.4

=== 2. VOL TRAJECTORY: sig level x dsig direction, within stress ===
     hi-vol/rising: n=  462 hz21   2% fwd5  +21.7% fwd21  +24.4% fvol21  31.1%
    hi-vol/falling: n=  865 hz21   6% fwd5  +18.2% fwd21  +19.4% fvol21  23.0%
     lo-vol/rising: n=  421 hz21  28% fwd5  +15.6% fwd21  +13.6% fvol21  16.0%
    lo-vol/falling: n=  905 hz21  35% fwd5   +9.6% fwd21   +8.1% fvol21  14.1%

=== 3. PHASE SIGNATURE: dsig x dDD quadrants, within stress ===
  (shock = rising vol + deepening DD; recovery = falling vol + healing DD)
    vol-rising/DD-deepening: n=  482 (26 eps, med age  73) hz21   9% fwd5  +26.9% fwd21  +19.2% fvol21  26.7% J21 0.8
      vol-rising/DD-healing: n=  401 (26 eps, med age  80) hz21  22% fwd5   +9.0% fwd21  +19.3% fvol21  20.6% J21 0.8
   vol-falling/DD-deepening: n=  714 (23 eps, med age 112) hz21  14% fwd5  +21.4% fwd21  +12.8% fvol21  20.5% J21 0.3
     vol-falling/DD-healing: n= 1056 (27 eps, med age  91) hz21  26% fwd5   +8.6% fwd21  +14.3% fvol21  17.0% J21 0.2

=== 4. POSITION IN EPISODE (first10 causal; last10 EX-POST — not tradeable) ===
   first10 (tau<=10): n=  267 ret  -14.6% sig  17.9% dsig>0  53% dDD>0  42% J21 1.2
              middle: n= 2166 ret  +12.3% sig  24.5% dsig>0  32% dDD>0  55% J21 0.4
    last10 (EX-POST): n=  220 ret  +66.3% sig  14.1% dsig>0  22% dDD>0  68% J21 0.2

=== 5. TRAJECTORY SHAPE per episode (EX-POST alignment) ===
  vol peak vs price trough: sig peaks AFTER the trough in 52% of 27 episodes (median offset +1d) — if vol peaked reliably before the trough, falling vol would flag the rebound

=== 6. EPISODE SPECIES: do early observables foretell duration? (EX-POST split) ===
  short (<=42d): 15 episodes, median  22d, early J21 1.0, early dsig +0.021
    long (>42d): 12 episodes, median 118d, early J21 1.2, early dsig +0.038

wrote results/episode_anatomy.csv (47 rows)
