
=== Japan === panel 1990-07-02..2026-05-29 n=9370
[Japan 1/4] BASE pass...
      done (3.7 min).
[Japan 2/4] +DISP pass...
      done (7.0 min).
[Japan 3/4] stability (±2y train-start shifts)...
================================================================================================
Japan — DISPERSION-FEATURE LAG PROBE (out-of-hypothesis-sample confirmation)
================================================================================================
BASE       | LT20 lag    96d cov 0.62 det 4/4 prec 0.22 rec 0.56 | LT15 lag    13d det 7/8 | switches/yr 1.89 | stability 1.000
+DISP      | LT20 lag   250d cov 0.06 det 2/4 prec 0.19 rec 0.08 | LT15 lag    76d det 4/8 | switches/yr 0.83 | stability 1.000
BASE vs +DISP label agreement: 0.5711 on 4267 joint OOS days
LT20 median-lag change (+DISP - BASE): +154 days (negative = dispersion detects bears EARLIER; US finding was -40d)
wrote results/explore_dispersion_intl_japan.csv (19.7 min)

=== Europe === panel 1990-07-02..2026-05-29 n=9370
[Europe 1/4] BASE pass...
      done (4.0 min).
[Europe 2/4] +DISP pass...
      done (8.2 min).
[Europe 3/4] stability (±2y train-start shifts)...
================================================================================================
Europe — DISPERSION-FEATURE LAG PROBE (out-of-hypothesis-sample confirmation)
================================================================================================
BASE       | LT20 lag    39d cov 0.69 det 6/6 prec 0.38 rec 0.73 | LT15 lag    29d det 9/9 | switches/yr 1.65 | stability 1.000
+DISP      | LT20 lag   134d cov 0.25 det 6/6 prec 0.26 rec 0.28 | LT15 lag   108d det 8/9 | switches/yr 1.42 | stability 1.000
BASE vs +DISP label agreement: 0.6921 on 4267 joint OOS days
LT20 median-lag change (+DISP - BASE): +94 days (negative = dispersion detects bears EARLIER; US finding was -40d)
wrote results/explore_dispersion_intl_europe.csv (23.6 min)

================================================================================================
SUMMARY — LT20 median-lag change (+DISP - BASE) per panel
================================================================================================
US (2026-07-28, prior run):  -40d  (56d -> 16d)
Japan     : +154d
Europe    : +94d

READ: confirms if BOTH international panels also show a lag REDUCTION (negative)
of comparable direction to the US finding. A null/positive-lag result on either panel
means the US finding does not generalize and stays a US-only curiosity, not a SUPPORT claim.
